Copyright 1986-2018 Xilinx, Inc. All Rights Reserved.
------------------------------------------------------------------------------------
| Tool Version : Vivado v.2018.2 (win64) Build 2258646 Thu Jun 14 20:03:12 MDT 2018
| Date         : Thu Nov  8 17:48:55 2018
| Host         : asus running 64-bit major release  (build 9200)
| Command      : report_control_sets -verbose -file fpga_control_sets_placed.rpt
| Design       : fpga
| Device       : xc7a35t
------------------------------------------------------------------------------------

Control Set Information

Table of Contents
-----------------
1. Summary
2. Histogram
3. Flip-Flop Distribution
4. Detailed Control Set Information

1. Summary
----------

+----------------------------------------------------------+-------+
|                          Status                          | Count |
+----------------------------------------------------------+-------+
| Number of unique control sets                            |    10 |
| Unused register locations in slices containing registers |    22 |
+----------------------------------------------------------+-------+


2. Histogram
------------

+--------+--------------+
| Fanout | Control Sets |
+--------+--------------+
|      2 |            1 |
|      4 |            2 |
|      8 |            2 |
|    16+ |            5 |
+--------+--------------+


3. Flip-Flop Distribution
-------------------------

+--------------+-----------------------+------------------------+-----------------+--------------+
| Clock Enable | Synchronous Set/Reset | Asynchronous Set/Reset | Total Registers | Total Slices |
+--------------+-----------------------+------------------------+-----------------+--------------+
| No           | No                    | No                     |              66 |           12 |
| No           | No                    | Yes                    |               0 |            0 |
| No           | Yes                   | No                     |             168 |           25 |
| Yes          | No                    | No                     |               0 |            0 |
| Yes          | No                    | Yes                    |               0 |            0 |
| Yes          | Yes                   | No                     |               0 |            0 |
+--------------+-----------------------+------------------------+-----------------+--------------+


4. Detailed Control Set Information
-----------------------------------

+-------------------------------+---------------+---------------------------------------+------------------+----------------+
|          Clock Signal         | Enable Signal |            Set/Reset Signal           | Slice Load Count | Bel Load Count |
+-------------------------------+---------------+---------------------------------------+------------------+----------------+
|  c/E[1]                       |               | c/AR[1]                               |                1 |              2 |
|  _clk_display/CLK             |               |                                       |                1 |              4 |
|  c/E[0]                       |               | c/AR[0]                               |                2 |              4 |
|  _clk_counter/CLK             |               |                                       |                1 |              8 |
|  c/E[2]                       |               | c/AR[2]                               |                2 |              8 |
|  clk_IBUF_BUFG                |               |                                       |                5 |             22 |
|  _clk_counter/CLK             |               | one_reset/SR[0]                       |                3 |             32 |
|  c/next_minute_reg[3]_i_2_n_0 |               |                                       |                5 |             32 |
|  clk_IBUF_BUFG                |               | _clk_display/counter_p[30]_i_1__0_n_0 |                8 |             60 |
|  clk_IBUF_BUFG                |               | _clk_counter/counter_p[30]_i_1_n_0    |                9 |             62 |
+-------------------------------+---------------+---------------------------------------+------------------+----------------+


